C51 COMPILER V9.01   PT100                                                                 12/26/2019 10:50:29 PAGE 1   


C51 COMPILER V9.01, COMPILATION OF MODULE PT100
OBJECT MODULE PLACED IN pt100.OBJ
COMPILER INVOKED BY: G:\keil4\C51\BIN\C51.EXE pt100.c LARGE BROWSE DEBUG OBJECTEXTEND

line level    source

   1          #include "STC12C5A60S2.h"
   2          #include <INTRINS.H>
   3          #include "main.h"
   4          #include "lcd.h"
   5          #include "timer.h"
   6          #include "stdio.h"      
   7          //#include "pid.h"
   8          #include "pt100.h"
   9          
  10          unsigned int   ADC = 0;                                             //ADC采样值
  11          
  12          /*******************************************************************************
  13          * 函数名         : Delay
  14          * 函数功能                 : 延时函数
  15          * 输入           : 无
  16          * 输出           : 无
  17          *******************************************************************************/
  18          void Delay(unsigned int n)                                        //延时函数               
  19          {
  20   1              unsigned int x;
  21   1              while (n--)
  22   1                      {
  23   2                                      x = 5000;
  24   2                                      while (x--);
  25   2                      }
  26   1      }
  27          
  28          /*******************************************************************************
  29          * 函数名         : InitADC
  30          * 函数功能                 : ADC初始化
  31          * 输入           : 无
  32          * 输出           : 无
  33          *******************************************************************************/
  34          void InitADC( )                                                  //ADC初始化
  35          {
  36   1              P1ASF = 0x01;                                                  //将P1口设置成模拟量输入口
  37   1              ADC_RES = 0;                                                   //清零ADC值（高位）
  38   1              ADC_RESL =0;                                                   //ADC值（低位）
  39   1              ADC_CONTR = ADC_POWER | ADC_SPEEDLL | ADC_START ;              //配置A/D转换控制特殊功能寄存器
  40   1              Delay(2);                                                      //ADC采样延时
  41   1      }
  42          
  43          
  44          /*******************************************************************************
  45          * 函数名         : SendData
  46          * 函数功能                 : 将ADC采集值放入SBUF寄存器内
  47          * 输入           : 无
  48          * 输出           : 无
  49          *******************************************************************************/
  50          void SendData(unsigned int dat)                                  //将ADC采集值放入SBUF寄存器内
  51          {
  52   1              while (!TI);                                                   //等待数据到来
  53   1              TI = 0;                                                        //清除标志位
  54   1              SBUF = dat;                                                    //将ADC值放入SBUF中
  55   1      }
C51 COMPILER V9.01   PT100                                                                 12/26/2019 10:50:29 PAGE 2   

  56          
  57          /*******************************************************************************
  58          * 函数名         : adc_isr
  59          * 函数功能                 : ADC中断服务函数
  60          * 输入           : 无
  61          * 输出           : 无
  62          *******************************************************************************/
  63          void adc_isr() interrupt 5 using 1                               //ADC中断服务函数
  64          {
  65   1              unsigned int ADCH;                                             //ADC高8位                                
             -              
  66   1              unsigned int ADCL;                                             //ADC低2位
  67   1              ADC_CONTR &= !ADC_FLAG;                                        //清除ADC中断标志位
  68   1              SendData(ADC_RES);                                             //将ADC的高8位放入SBUF中
  69   1        SendData(ADC_RESL);                                            //将ADC低2位放入SBUF中 
  70   1              ADCH=ADC_RES;                                                  //将ADC的高8位放入ADCH中 
  71   1              ADCL=ADC_RESL;                                                 //将ADC的低2位放入ADCL中
  72   1              ADCH=ADCH<<2;                                                  //将ADCde1高8位左移2位
  73   1              ADC=ADCH+ADCL;                                                 //计算ADC值    
  74   1              ADC_CONTR = ADC_POWER | ADC_SPEEDLL | ADC_START ;              //配置A/D转换控制特殊功能寄存器
  75   1      }


MODULE INFORMATION:   STATIC OVERLAYABLE
   CODE SIZE        =    117    ----
   CONSTANT SIZE    =   ----    ----
   XDATA SIZE       =      2    ----
   PDATA SIZE       =   ----    ----
   DATA SIZE        =   ----    ----
   IDATA SIZE       =   ----    ----
   BIT SIZE         =   ----    ----
END OF MODULE INFORMATION.


C51 COMPILATION COMPLETE.  0 WARNING(S),  0 ERROR(S)
